=== (a) open devices: w*ImZ = -1/C + w^2 L over 0.25-8 GHz (model-free) ===
 D  V camp                                          C_tot_fF  C_CV_plus_CPW                                         excess_fF                                excess_pct_of_CPD  L_tot_pH  L1pL2_ladder_pH                                       C_model_fit  L_model_fit_pH  fit_rms_ohm_x_w
40 -7   40  677315156934952831555365022556130464751419392.00         274.13  677315156934952831555365022556130464751419392.00 297590139250858018564679866398292678746832896.00  -2172.18           261.27  662632106746805597197279348452632505744359424.00        -2220.31 2295100189941.27
40 -5   40  808151437069605593963568932756433038999552000.00         321.13  808151437069605593963568932756433038999552000.00 294301324497307127215015392452164749140951040.00  -1820.51           269.82  795672063445253324782635953913358382002077696.00        -1849.07 1959933589173.64
40 -3   40 1154038901491692827477555114107137290720509952.00         436.93 1154038901491692827477555114107137290720509952.00 295604226816519670402404945682618711657152512.00  -1274.87           283.11 1153793679461056858724252002536334576477798400.00        -1275.14 1442966637640.16
30 -7  Mar  422682352507624772781220757969480414429970432.00         180.03  422682352507624772781220757969480414429970432.00 316615994387733866350161210262381740387467264.00  -3503.44           187.42  415373076457766526600332732752710907675541504.00        -3565.09 3495823655566.00
30 -5  Mar  491944408579801740330347547498247525916213248.00         207.63  491944408579801740330347547498247525916213248.00 305365865040224528057130337761473814031499264.00  -3010.18           197.02  484396087580769858470038218108574003040878592.00        -3057.09 3031589761130.60
30 -3  Mar  672007881979732393067124462562923160493096960.00         277.33  672007881979732393067124462562923160493096960.00 291164593578740166178206595079818752074711040.00  -2203.61           213.01  665816041726796937092312628247585296872374272.00        -2224.10 2275855873622.66
30 -7  Jan  434014391475062714973083441321622097507647488.00         180.03  434014391475062714973083441321622097507647488.00 325104413089934553120835876020848896300285952.00  -3411.96           204.30  417349147812637401969974212537779096985272320.00        -3548.21 3421816814919.86
30 -5  Jan  505375825124925431534344088808534472409481216.00         207.63  505375825124925431534344088808534472409481216.00 313703181331424826447114824521413115923922944.00  -2930.18           213.93  487089927663893976580236945354292734197760000.00        -3040.18 2967753142202.52
30 -3  Jan  690113081059921916166825475273396156947759104.00         277.33  690113081059921916166825475273396156947759104.00 299009133908111684442482202574535314838126592.00  -2145.79           230.20  671002840396458360181483179765185701283364864.00        -2206.91 2232026652587.36

--- open devices -7 V: Re/Im Z measured vs baseline ladder ---
      ReZ_meas           ReZ_model        
D           30        40        30      40
camp       Jan  Mar   40       Jan Mar  40
f_GHz                                     
2          3.1  4.7  4.5       4.9 4.9 6.1
5          3.6  3.5  3.7       4.9 4.9 6.1
10         3.6  3.3  3.8       4.9 4.9 6.1
15         4.1  3.6  4.5       4.9 4.9 6.1
20         4.5  4.2  5.7       4.9 4.9 6.1
25         5.7  5.3  7.5       4.9 4.9 6.1
30         7.3  6.8  9.5       4.9 4.9 6.1
35         9.0  8.2 11.9       4.9 4.9 6.1
40        11.3 10.6 15.9       4.9 4.9 6.1
45         NaN  NaN 23.1       NaN NaN 6.1
50         NaN  NaN 36.4       NaN NaN 6.1

=== (b) resistor-loaded devices: Im(Y)/w at 1-2 GHz (Lm/Rm^2 subtracts from it) ===
 D  V lab camp     Rm  Capp_meas_fF  Capp_ladder_fF  C_CV_plus_CPW  Lm_over_Rm2_fF  Capp_plus_LmRm2
40 -7  38   40  42.52         63.75           76.01         274.13          118.97           182.72
40 -5  38   40  39.11         70.32           83.00         321.13          142.84           213.16
40 -3  38   40  37.49         86.59          150.64         436.93          185.72           272.31
40 -7  80   40  80.35        288.44          262.45         274.13            0.00           288.44
40 -5  80   40  77.17        332.09          307.78         321.13            0.00           332.09
40 -3  80   40  74.93        449.68          423.19         436.93            0.00           449.68
40 -7 100   40 107.54        303.80          268.77         274.13            0.00           303.80
40 -5 100   40 103.95        350.13          315.24         321.13            0.00           350.13
40 -3 100   40 101.08        468.28          431.74         436.93            0.00           468.28
40 -7 140   40 142.53        287.00          272.96         274.13            0.00           287.00
40 -5 140   40 140.74        335.88          320.14         321.13            0.00           335.88
40 -3 140   40 138.91        457.76          437.31         436.93            0.00           457.76
30 -7  38  Mar  38.15         69.13           46.59         180.03           32.27           101.40
30 -5  38  Mar  35.68         79.18           41.72         207.63           46.97           126.15
30 -3  38  Mar  34.50        140.29           71.25         277.33           77.50           217.79
30 -7  60  Mar  60.35        139.31          119.85         180.03           18.69           158.01
30 -5  60  Mar  57.51        161.30          133.23         207.63           27.44           188.74
30 -3  60  Mar  55.51        228.49          178.40         277.33           48.02           276.51
30 -7 200  Mar 205.54        209.07          175.93         180.03            0.00           209.07
30 -5 200  Mar 202.26        236.78          203.44         207.63            0.00           236.78
30 -3 200  Mar 199.90        306.06          278.76         277.33            0.00           306.06
30 -7  38  Jan  37.94         70.30           49.69         180.03           17.22            87.52
30 -5  38  Jan  34.89         72.12           36.98         207.63           32.77           104.90
30 -3  38  Jan  33.23        131.92           51.72         277.33           74.65           206.57
30 -7  76  Jan  73.29        160.44          140.45         180.03           11.78           172.22
30 -5  76  Jan  70.17        183.46          154.93         207.63           21.64           205.10
30 -3  76  Jan  68.39        246.24          200.67         277.33           42.90           289.14
30 -7 120  Jan 115.01        184.57          166.05         180.03            2.92           187.48
30 -5 120  Jan 112.17        212.94          187.49         207.63            8.81           221.75
30 -3 120  Jan 110.09        284.26          273.50         277.33            0.00           284.26

=== (c) EXPLORATORY alt-2: port-side delay tau in front of the baseline ladder ===
 D  V lab camp  rms_base  f_RC_base  rms_delay  tau_ps      L1      Lm      L2  f_RC_delay
40 -7  38   40     0.221     30.720      0.204   1.238   0.000 208.574  85.770      30.965
40 -5  38   40     0.242     26.964      0.220   1.460   0.000 209.203  76.210      26.887
40 -7  80   40     0.132     21.816      0.039   3.601  38.017 245.273   0.000      19.729
40 -5  80   40     0.136     18.703      0.031   2.513 102.603  17.972   0.000      17.055
40 -7 100   40     0.119     20.126      0.028   2.622  93.014  91.881   0.000      18.136
40 -5 100   40     0.124     17.032      0.023   2.572  97.895 105.905   0.000      15.196
40 -7 140   40     0.129     18.775      0.035   2.668  77.861 600.000   3.479      17.351
40 -5 140   40     0.133     15.658      0.031   2.574  89.348 600.000   0.000      14.427
40 -7  WO   40     0.167     13.776      0.057   1.997   1.381   0.000 131.433      12.077
40 -5  WO   40     0.170     11.358      0.044   2.105   3.735   0.000 126.119       9.956
30 -7  38  Mar     0.056     41.381      0.010   3.178  40.025 103.179   0.000      50.816
30 -5  38  Mar     0.063     37.785      0.012   3.107  46.521  97.373   0.000      44.480
30 -7  60  Mar     0.059     34.915      0.007   3.692  16.438 248.908   3.320      40.607
30 -5  60  Mar     0.066     31.350      0.008   3.545  28.553 229.496   0.000      35.243
30 -7 200  Mar     0.062     24.629      0.014   1.895   0.000 429.908 106.231      24.645
30 -5 200  Mar     0.065     21.044      0.012   2.222   0.000 600.000  96.252      20.833
30 -7  WO  Mar     0.070     21.964      0.068   0.276  86.348   0.000  86.326      21.647
30 -5  WO  Mar     0.077     18.520      0.071   0.531  47.174   0.000 121.197      17.938
30 -7  38  Jan     0.063     37.949      0.011   3.381  41.932  89.844   0.000      50.373
30 -5  38  Jan     0.071     35.847      0.012   3.331  46.800  82.476   0.000      44.483
30 -7  76  Jan     0.066     32.685      0.010   3.999   0.000 374.402   8.341      36.187
30 -5  76  Jan     0.072     29.415      0.010   3.927  13.527 359.888   0.000      31.577
30 -7 120  Jan     0.063     28.787      0.007   3.020   6.366 600.000  54.221      31.417
30 -5 120  Jan     0.069     25.560      0.008   3.125  18.901 600.000  37.762      26.524
30 -7  WO  Jan     0.075     22.254      0.069   0.524  27.271   0.000 148.696      21.723
30 -5  WO  Jan     0.081     18.802      0.068   0.786  69.508   0.000 101.393      17.994

=== (d) EXPLORATORY alt-3: L1/L2 locked at 30um Mar -7V (33.7/149.3 pH; open: L1+L2 = 187.4 pH split evenly), free Lm (+ mesa L0) ===
 D  V lab camp  rms_base  f_RC_base  rms_lock_LmOnly  Lm_lockOnly  f_RC_lockOnly  rms_lock_L0  Lm_lockL0   L0_pH  f_RC_lockL0
40 -7  38   40     0.221     30.720            0.317      273.471         31.063        0.317    273.471   0.000       31.063
40 -5  38   40     0.242     26.964            0.326      279.994         27.757        0.326    280.006   0.000       27.757
40 -7  80   40     0.132     21.816            0.269        0.000         18.881        0.120      0.000  95.206       22.094
40 -5  80   40     0.136     18.703            0.285        0.000         15.846        0.122      0.000  98.614       18.663
40 -7 100   40     0.119     20.126            0.279        0.000         17.454        0.107      0.000  93.974       20.217
40 -5 100   40     0.124     17.032            0.292        0.000         14.560        0.110      0.000  96.066       16.882
40 -7 140   40     0.129     18.775            0.254        0.000         16.376        0.126    600.000  77.513       19.834
40 -5 140   40     0.133     15.658            0.273        0.000         13.553        0.126      0.000  82.802       15.276
40 -7  WO   40     0.167     13.776            0.333        0.000         12.863        0.120      0.000  98.967       14.268
40 -5  WO   40     0.170     11.358            0.351        0.000         10.554        0.118      0.000 102.867       11.645
30 -7  38  Mar     0.056     41.381            0.056       50.058         41.470        0.056     50.381   0.296       41.514
30 -5  38  Mar     0.063     37.785            0.066       39.307         36.292        0.061     71.224  24.927       39.254
30 -7  60  Mar     0.059     34.915            0.060       59.657         34.695        0.058     85.648  11.555       36.250
30 -5  60  Mar     0.066     31.350            0.073       42.103         29.771        0.062    116.079  28.872       33.220
30 -7 200  Mar     0.062     24.629            0.092        0.000         25.529        0.070      0.000  29.972       26.749
30 -5 200  Mar     0.065     21.044            0.111        0.000         21.593        0.066      0.000  39.994       22.990
30 -7  WO  Mar     0.070     21.964            0.070        0.000         21.964        0.070      0.000   2.532       22.034
30 -5  WO  Mar     0.077     18.520            0.087        0.000         18.338        0.074      0.000  18.364       18.762
30 -7  38  Jan     0.063     37.949            0.073       31.583         40.160        0.067     61.895  34.045       43.472
30 -5  38  Jan     0.071     35.847            0.093       28.670         35.871        0.070     82.252  53.997       39.689
30 -7  76  Jan     0.066     32.685            0.067       29.594         31.748        0.064     83.380  17.823       33.992
30 -5  76  Jan     0.072     29.415            0.084       17.562         27.314        0.068    133.753  33.913       31.088
30 -7 120  Jan     0.063     28.787            0.076        0.000         28.114        0.060     64.263  28.389       30.063
30 -5 120  Jan     0.069     25.560            0.099        0.000         24.029        0.062    119.803  40.923       26.605
30 -7  WO  Jan     0.075     22.254            0.103        0.000         21.964        0.068      0.000  32.733       22.836
30 -5  WO  Jan     0.081     18.802            0.134        0.000         18.338        0.070      0.000  44.932       19.349

=== (e) 40 um: f_RC that would give f_T = 35.5 / 32.6 GHz with the measured f_3dB, vs fits ===
 V lab  f3dB  fT_dev  f_RC_base  f_RC_needed_fT35p5  f_RC_needed_fT32p6  pct_change_needed  f_RC_fmax20  f_RC_fmax40  f_RC_RpCp  f_RC_delay  f_RC_lockL0
-7  38 16.90   20.23      30.72               19.21               19.76             -37.47        31.09        31.12      23.08       30.97        31.06
-7  80 16.12   23.91      21.82               18.09               18.54             -17.08        21.36        21.91      17.65       19.73        22.09
-7 100 14.76   21.72      20.13               16.23               16.56             -19.33        19.86        20.15      17.70       18.14        20.22
-7 140 14.47   22.72      18.77               15.85               16.15             -15.58        18.42        18.70      16.08       17.35        19.83
-7  WO 10.17   15.07      13.78               10.61               10.70             -22.97        13.40        13.57      11.95       12.08        14.27
-5  80 15.97   30.66      18.70               17.88               18.31              -4.41        18.06        18.71      14.05       17.06        18.66
-5  WO 10.03   21.35      11.36               10.45               10.54              -7.96        11.02        11.18      10.32        9.96        11.64

wrote inv40/B_open_CL.csv B_open_ReZ.csv B_open_ReZ.png B_Capp_resistor.csv B_alt_delay.csv B_alt_lockedCPW.csv B_fRC_needed.csv
