=== (a') open devices, model-free: w*ImZ = -1/C_tot + w^2 L_tot, 0.25-8 GHz ===
  ladder_sameFit_*: the same regression applied to the baseline ladder with its fitted L's
  noL_ladder_*: same regression on the ladder with L1=Lm=L2=0 (checks the R_s/C_CPW bias of the method)
 D  V camp  C_tot_fF  C_CV_plus_CPW  excess_fF  excess_pct_of_CPD  L_tot_pH  ladder_L1pL2_pH  ladder_sameFit_C_fF  ladder_sameFit_L_pH  noL_ladder_C_fF  noL_ladder_L_pH  resid_ImZ_ohm
40 -7   40    287.23         274.13      13.10               5.76    194.16           261.27               274.13               259.15           274.13            -2.12           0.42
40 -5   40    336.35         321.13      15.22               5.54    200.27           269.82               321.13               267.50           321.13            -2.31           0.25
40 -3   40    456.86         436.93      19.93               5.10    212.89           283.11               436.93               280.47           436.93            -2.64           0.18
30 -7  Mar    185.77         180.03       5.74               4.30    131.72           187.42               180.03               185.91           180.03            -1.51           0.64
30 -5  Mar    214.21         207.63       6.58               4.09    142.25           197.02               207.63               195.29           207.63            -1.73           0.40
30 -3  Mar    285.35         277.33       8.02               3.47    162.97           213.01               277.33               210.88           277.33            -2.13           0.25
30 -7  Jan    189.78         180.03       9.75               7.31    146.25           204.30               180.03               202.79           180.03            -1.51           0.51
30 -5  Jan    218.82         207.63      11.19               6.95    155.87           213.93               207.63               212.20           207.63            -1.73           0.44
30 -3  Jan    290.95         277.33      13.62               5.90    175.21           230.20               277.33               228.07           277.33            -2.13           0.23

=== (b') resistor-loaded devices: Im(Y)/w at 1-2 GHz; low-f expansion C_app ~ C_tot - (Lm+L2)/Rm^2 ===
  reliable only where LmL2_over_Rm2 is small (high R_m); meas_minus_ladder is model-independent-ish
 D  V lab camp     Rm  Capp_meas_fF  Capp_ladder_fF  C_CV_plus_CPW  LmL2_over_Rm2_fF  Capp_meas_corr_fF  Capp_ladder_corr_fF  meas_minus_ladder_fF
40 -7  38   40  42.52         63.75           76.01         274.13            198.33             262.08               274.34                -12.26
40 -5  38   40  39.11         70.32           83.00         321.13            238.35             308.67               321.35                -12.68
40 -3  38   40  37.49         86.59          150.64         436.93            286.62             373.21               437.25                -64.04
40 -7  80   40  80.35        288.44          262.45         274.13             13.36             301.81               275.81                 26.00
40 -5  80   40  77.17        332.09          307.78         321.13             15.65             347.74               323.43                 24.31
40 -3  80   40  74.93        449.68          423.19         436.93             18.04             467.71               441.22                 26.49
40 -7 100   40 107.54        303.80          268.77         274.13              7.11             310.91               275.88                 35.04
40 -5 100   40 103.95        350.13          315.24         321.13              8.29             358.41               323.52                 34.89
40 -3 100   40 101.08        468.28          431.74         436.93              9.63             477.91               441.37                 36.54
40 -7 140   40 142.53        287.00          272.96         274.13              2.86             289.86               275.82                 14.04
40 -5 140   40 140.74        335.88          320.14         321.13              3.35             339.22               323.49                 15.74
40 -3 140   40 138.91        457.76          437.31         436.93              4.03             461.79               441.34                 20.45
30 -7  38  Mar  38.15         69.13           46.59         180.03            133.25             202.38               179.85                 22.54
30 -5  38  Mar  35.68         79.18           41.72         207.63            165.68             244.86               207.40                 37.45
30 -3  38  Mar  34.50        140.29           71.25         277.33            205.95             346.24               277.21                 69.04
30 -7  60  Mar  60.35        139.31          119.85         180.03             60.31             199.63               180.17                 19.46
30 -5  60  Mar  57.51        161.30          133.23         207.63             74.58             235.88               207.82                 28.06
30 -3  60  Mar  55.51        228.49          178.40         277.33             99.41             327.90               277.81                 50.09
30 -7 200  Mar 205.54        209.07          175.93         180.03              4.63             213.69               180.56                 33.13
30 -5 200  Mar 202.26        236.78          203.44         207.63              4.92             241.70               208.36                 33.34
30 -3 200  Mar 199.90        306.06          278.76         277.33              0.24             306.30               279.00                 27.30
30 -7  38  Jan  37.94         70.30           49.69         180.03            130.02             200.32               179.71                 20.61
30 -5  38  Jan  34.89         72.12           36.98         207.63            170.21             242.34               207.19                 35.15
30 -3  38  Jan  33.23        131.92           51.72         277.33            225.28             357.20               277.00                 80.20
30 -7  76  Jan  73.29        160.44          140.45         180.03             39.85             200.29               180.30                 19.99
30 -5  76  Jan  70.17        183.46          154.93         207.63             53.06             236.52               207.99                 28.54
30 -3  76  Jan  68.39        246.24          200.67         277.33             77.37             323.61               278.04                 45.57
30 -7 120  Jan 115.01        184.57          166.05         180.03             14.45             199.01               180.50                 18.52
30 -5 120  Jan 112.17        212.94          187.49         207.63             20.78             233.71               208.27                 25.45
30 -3 120  Jan 110.09        284.26          273.50         277.33              5.41             289.67               278.91                 10.76

=== (f) EXPLORATORY: port-side-delay ladder, every PAIR device, f_3dB unchanged ===
 D  V lab camp        Rm  rms_base  rms_delay  tau_ps     L1     Lm     L2  f_RC_base  f_RC_delay    f3    ok  fT_dev_base  fT_dev_delay
25 -7  WO 25um 170797.59      0.17       0.16    0.45  87.89   0.00  76.53      28.07       27.68 24.28  True        48.39         50.58
25 -5  WO 25um -44391.00      0.18       0.16    0.77  79.33   0.00  79.33      24.41       23.55 20.98  True        41.06         46.22
30 -7  38  Mar     38.15      0.06       0.01    3.18  40.02 103.18   0.00      41.38       50.82 32.66 False        53.19         42.63
30 -7  60  Mar     60.35      0.06       0.01    3.69  16.44 248.91   3.32      34.91       40.61 28.16 False        47.65         39.09
30 -7 200  Mar    205.54      0.06       0.01    1.90   0.00 429.91 106.23      24.63       24.65 19.78  True        33.18         33.14
30 -7  WO  Mar  26901.93      0.07       0.07    0.28   0.18   0.00 172.49      21.96       21.65 17.46  True        28.80         29.56
30 -5  38  Mar     35.68      0.06       0.01    3.11  46.52  97.37   0.00      37.79       44.48 33.21 False        69.62         49.92
30 -5  60  Mar     57.51      0.07       0.01    3.54  28.55 229.50   0.00      31.35       35.24 27.22 False        54.87         42.85
30 -5 200  Mar    202.26      0.07       0.01    2.22   0.00 600.00  96.25      21.04       20.83 16.43  True        26.31         26.73
30 -5  WO  Mar  41794.22      0.08       0.07    0.53   2.24   0.00 166.14      18.52       17.94 14.58  True        23.64         25.02
30 -3  60  Mar     55.51      0.08       0.02    3.29  44.36 215.24   0.00      24.45       25.17 21.13  True        42.02         38.89
30 -3 200  Mar    199.90      0.08       0.02    2.43  18.35 600.00  72.89      15.09       14.58 13.31  True        28.28         32.64
30 -3  WO  Mar   7898.12      0.09       0.07    1.10 102.29   0.00  49.69      13.01       12.18 11.50  True        24.53         34.83
30 -7  38  Jan     37.94      0.06       0.01    3.38  41.93  89.84   0.00      37.95       50.37 34.00 False        76.49         46.07
30 -7  76  Jan     73.29      0.07       0.01    4.00   0.00 374.40   8.34      32.69       36.19 31.36 False       111.20         62.83
30 -7 120  Jan    115.01      0.06       0.01    3.02   6.37 600.00  54.22      28.79       31.42 27.05 False        79.09         53.19
30 -7  WO  Jan  16549.10      0.08       0.07    0.52  27.27   0.00 148.70      22.25       21.72 19.39 False        39.54         43.04
40 -7  38 40V1     42.52      0.22       0.20    1.24   0.00 208.58  85.77      30.72       30.97 16.90  True        20.23         20.16
40 -7 100 40V1    107.54      0.12       0.03    2.62  93.01  91.88   0.00      20.13       18.14 14.76  True        21.72         25.42
40 -7 140 40V1    142.53      0.13       0.03    2.67  77.86 600.00   3.48      18.77       17.35 14.47 False        22.72         26.24
40 -7  WO 40V1  13943.63      0.17       0.06    2.00   1.38   0.00 131.43      13.78       12.08 10.17  True        15.07         18.84
40 -5  WO 40V2  58279.61      0.17       0.04    2.10   2.59   0.00 127.27      11.36        9.96 10.03  True        21.35           NaN
40 -7  80 40V2     80.35      0.13       0.04    3.60  38.02 245.27   0.00      21.82       19.73 16.12  True        23.91         27.95
40 -5  80 40V2     77.17      0.14       0.03    2.51 102.60  17.97   0.00      18.70       17.06 15.97 False        30.66         45.44

subset                            model       N   slope    icpt   AdjR2    f_T  | slope=1 icpt    f_T
untruncated, all D                baseline   14   1.246  +0.880   0.879   33.7          +1.625   24.8
untruncated, all D                delay      14   0.956  +1.316   0.907   27.6          +1.164   29.3
untruncated, 30 um                baseline    7   1.157  +0.792   0.960   35.5          +1.261   28.2
untruncated, 30 um                delay       7   0.973  +1.153   0.963   29.5          +1.068   30.6
untruncated, 40 um                baseline    5   1.119  +2.139   0.872   21.6          +2.582   19.7
untruncated, 40 um                delay       5   0.832  +2.386   0.877   20.5          +1.593   25.1
untruncated, 30+40 um -7 V        baseline    6   1.690  +0.458   0.901   46.7          +2.138   21.6
untruncated, 30+40 um -7 V        delay       6   1.212  +1.081   0.925   30.4          +1.693   24.3

wrote inv40/B_open_CL.csv B_Capp_resistor.csv B_delay_ft.csv B_delay_ft_summary.csv B_delay_ft.png B_resid_delay_40um_m7V.png
