=== TASK 1/5: baseline refit (ft_userbw start) vs multistart best ===
 D  V lab camp       Rm  Cpd_fF     L1     Lm     L2  rms     flags  ms_L1  ms_Lm  ms_L2  ms_rms  ms_flags  n_minima  f_RC
40 -7  38   40    42.52  227.60   0.00 215.13 143.50 0.22      L1@0   0.00 215.13 143.50    0.22      L1@0         2 30.72
40 -5  38   40    39.11  274.60   0.00 218.46 146.07 0.24      L1@0   0.00 218.46 146.07    0.24      L1@0         2 26.96
40 -3  38   40    37.49  390.40   0.00 261.05 141.84 0.28      L1@0   0.00 261.06 141.84    0.28      L1@0         2 19.53
40 -7  80   40    80.35  227.60 175.67   0.00  86.26 0.13      Lm@0 175.67   0.00  86.26    0.13      Lm@0         1 21.82
40 -5  80   40    77.17  274.60 175.32   0.00  93.18 0.14      Lm@0 175.32   0.00  93.18    0.14      Lm@0         1 18.70
40 -3  80   40    74.93  390.40 179.77   0.00 101.28 0.14      Lm@0 179.77   0.00 101.28    0.14      Lm@0         2 13.33
40 -7 100   40   107.54  227.60 178.83   0.00  82.20 0.12      Lm@0 178.83   0.00  82.20    0.12      Lm@0         1 20.13
40 -5 100   40   103.95  274.60 177.04   0.00  89.55 0.12      Lm@0 177.04   0.00  89.55    0.12      Lm@0         1 17.03
40 -3 100   40   101.08  390.40 179.11   0.00  98.40 0.13      Lm@0 179.11   0.00  98.40    0.13      Lm@0         1 11.93
40 -7 140   40   142.53  227.60 187.08   0.00  58.14 0.13      Lm@0 187.08   0.00  58.14    0.13      Lm@0         2 18.77
40 -5 140   40   140.74  274.60 186.64   0.00  66.27 0.13      Lm@0 186.64   0.00  66.27    0.13      Lm@0         1 15.66
40 -3 140   40   138.91  390.40 187.92   0.00  77.84 0.14      Lm@0 187.92   0.00  77.84    0.14      Lm@0         1 10.80
40 -7  WO   40 13943.63  227.60  98.10   0.00 163.16 0.17           139.96   0.00 121.30    0.17                  11 13.78
40 -5  WO   40 58279.61  274.60 102.58   0.00 167.24 0.17           102.58   0.00 167.24    0.17                  11 11.36
40 -3  WO   40 51943.97  390.40 109.78   0.00 173.33 0.17           151.52   0.00 131.59    0.17                  12  7.80
30 -7  38  Mar    38.15  133.50  33.26  46.98 146.99 0.06            33.26  46.98 146.99    0.06                   1 41.38
30 -5  38  Mar    35.68  161.10  42.91  59.80 151.14 0.06            42.91  59.80 151.14    0.06                   1 37.78
30 -3  38  Mar    34.50  230.80  61.72  92.26 152.92 0.08            61.73  92.26 152.92    0.08                   1 29.75
30 -7  60  Mar    60.35  133.50  34.05  68.07 151.59 0.06            34.05  68.07 151.59    0.06                   1 34.91
30 -5  60  Mar    57.51  161.10  40.74  90.78 155.93 0.07            40.74  90.78 155.93    0.07                   1 31.35
30 -3  60  Mar    55.51  230.80  55.83 147.99 158.38 0.08            55.83 147.99 158.38    0.08                   1 24.45
30 -7 200  Mar   205.54  133.50   0.00   0.00 195.51 0.06 L1@0,Lm@0   0.00   0.00 195.51    0.06 L1@0,Lm@0         1 24.63
30 -5 200  Mar   202.26  161.10   1.37   0.00 201.22 0.07      Lm@0   1.37   0.00 201.22    0.07      Lm@0         2 21.04
30 -3 200  Mar   199.90  230.80   1.90   0.00 213.25 0.08      Lm@0 221.35   0.00   9.51    0.06      Lm@0         2 17.23
30 -7  WO  Mar 26901.93  133.50  59.18   0.00 128.23 0.07            32.11   0.00 155.31    0.07                  12 21.96
30 -5  WO  Mar 41794.22  161.10  63.75   0.00 133.27 0.08            84.44   0.00 112.58    0.08                  12 18.52
30 -3  WO  Mar  7898.12  230.80  72.34   0.00 140.67 0.09             7.23   0.00 205.78    0.09                  12 13.01
30 -7  38  Jan    37.94  133.50  24.61  24.79 162.35 0.06            24.61  24.79 162.35    0.06                   1 37.95
30 -5  38  Jan    34.89  161.10  35.47  39.89 167.30 0.07            35.47  39.89 167.30    0.07                   1 35.85
30 -3  38  Jan    33.23  230.80  61.95  82.43 166.36 0.08            61.95  82.44 166.36    0.08                   1 29.61
30 -7  76  Jan    73.29  133.50  38.90  63.30 150.74 0.07            38.90  63.30 150.74    0.07                   1 32.69
30 -5  76  Jan    70.17  161.10  45.87 106.55 154.70 0.07            45.87 106.55 154.70    0.07                   1 29.41
30 -3  76  Jan    68.39  230.80  55.30 200.66 161.23 0.08            55.29 200.66 161.23    0.08                   1 22.73
30 -7 120  Jan   115.01  133.50  44.22  38.58 152.52 0.06            44.21  38.58 152.52    0.06                   1 28.79
30 -5 120  Jan   112.17  161.10  56.66 110.84 150.55 0.07            56.66 110.84 150.55    0.07                   1 25.56
30 -3 120  Jan   110.09  230.80 164.89   0.00  65.57 0.07      Lm@0 164.89   0.00  65.57    0.07      Lm@0         1 19.69
30 -7  WO  Jan 16549.10  133.50  67.61   0.00 136.69 0.08           145.92   0.00  58.38    0.08                  12 22.25
30 -5  WO  Jan 16773.67  161.10  72.79   0.00 141.14 0.08            91.71   0.00 122.22    0.08                  12 18.80
30 -3  WO  Jan  9057.83  230.80  81.48   0.00 148.72 0.09           127.88   0.00 102.32    0.09                  12 13.23

--- local minima (rms:(L1,Lm,L2) pH), up to 4 ---
40um  38 40 -7V : 0.2213:(0,215,143) | 0.3330:(600,45,0)
40um  38 40 -5V : 0.2417:(0,218,146) | 0.2997:(600,55,0)
40um  38 40 -3V : 0.2829:(0,261,142) | 0.2839:(600,63,0)
40um  80 40 -7V : 0.1319:(176,0,86)
40um  80 40 -5V : 0.1356:(175,0,93)
40um  80 40 -3V : 0.1408:(180,0,101) | 0.1884:(0,194,249)
40um 100 40 -7V : 0.1194:(179,0,82)
40um 100 40 -5V : 0.1243:(177,0,90)
40um 100 40 -3V : 0.1329:(179,0,98)
40um 140 40 -7V : 0.1291:(187,0,58) | 0.1501:(95,600,145)
40um 140 40 -5V : 0.1326:(187,0,66)
40um 140 40 -3V : 0.1380:(188,0,78)
40um  WO 40 -7V : 0.1673:(140,0,121) | 0.1673:(98,0,163) | 0.1673:(172,0,89) | 0.1673:(145,0,116)
40um  WO 40 -5V : 0.1701:(103,0,167) | 0.1701:(150,0,120) | 0.1701:(218,0,52) | 0.1701:(110,0,159)
40um  WO 40 -3V : 0.1748:(152,0,132) | 0.1748:(121,0,162) | 0.1748:(117,0,166) | 0.1748:(186,0,97)
30um  38 Mar -7V : 0.0558:(33,47,147)
30um  38 Mar -5V : 0.0634:(43,60,151)
30um  38 Mar -3V : 0.0755:(62,92,153)
30um  60 Mar -7V : 0.0592:(34,68,152)
30um  60 Mar -5V : 0.0656:(41,91,156)
30um  60 Mar -3V : 0.0786:(56,148,158)
30um 200 Mar -7V : 0.0617:(0,0,196)
30um 200 Mar -5V : 0.0650:(1,0,201) | 0.0873:(218,0,0)
30um 200 Mar -3V : 0.0640:(221,0,10) | 0.0770:(2,0,213)
30um  WO Mar -7V : 0.0700:(32,0,155) | 0.0700:(94,0,94) | 0.0700:(80,0,107) | 0.0700:(0,0,187)
30um  WO Mar -5V : 0.0772:(84,0,113) | 0.0772:(38,0,160) | 0.0772:(130,0,67) | 0.0772:(98,0,99)
30um  WO Mar -3V : 0.0896:(7,0,206) | 0.0896:(80,0,133) | 0.0896:(114,0,99) | 0.0896:(118,0,95)
30um  38 Jan -7V : 0.0634:(25,25,162)
30um  38 Jan -5V : 0.0706:(35,40,167)
30um  38 Jan -3V : 0.0822:(62,82,166)
30um  76 Jan -7V : 0.0659:(39,63,151)
30um  76 Jan -5V : 0.0724:(46,107,155)
30um  76 Jan -3V : 0.0838:(55,201,161)
30um 120 Jan -7V : 0.0629:(44,39,153)
30um 120 Jan -5V : 0.0686:(57,111,151)
30um 120 Jan -3V : 0.0699:(165,0,66)
30um  WO Jan -7V : 0.0754:(146,0,58) | 0.0754:(88,0,117) | 0.0754:(76,0,128) | 0.0754:(47,0,157)
30um  WO Jan -5V : 0.0813:(92,0,122) | 0.0813:(49,0,165) | 0.0813:(141,0,73) | 0.0813:(81,0,133)
30um  WO Jan -3V : 0.0890:(128,0,102) | 0.0890:(186,0,45) | 0.0890:(90,0,141) | 0.0890:(159,0,71)

=== TASK 1: residual anatomy (multistart-best solution) ===
 D  V lab camp  ms_rms  rms_mag  rms_phase_deg  f_peak  e_peak    f50    f80  rms_le5  rms_le20  rms_0_10  rms_10_20  rms_20_30  rms_30_40  rms_40_50  frac_0_10  frac_10_20  frac_20_30  frac_30_40  frac_40_50
40 -7  38   40   0.221    0.212         10.875  50.000   0.467 34.826 43.930    0.018     0.099     0.040      0.134      0.244      0.294      0.281      0.006       0.073       0.242       0.350       0.329
40 -5  38   40   0.242    0.232         12.065  50.000   0.474 33.596 43.024    0.024     0.122     0.052      0.164      0.278      0.317      0.291      0.009       0.092       0.262       0.342       0.295
40 -3  38   40   0.283    0.271         13.971  50.000   0.481 30.616 41.010    0.045     0.188     0.094      0.249      0.345      0.346      0.300      0.022       0.154       0.295       0.298       0.230
40 -7  80   40   0.132    0.047          9.814  50.000   0.359 44.373 48.376    0.015     0.059     0.018      0.082      0.145      0.068      0.231      0.004       0.077       0.242       0.053       0.624
40 -5  80   40   0.136    0.035         10.481  50.000   0.368 44.612 48.381    0.013     0.068     0.013      0.095      0.137      0.061      0.243      0.002       0.099       0.202       0.041       0.657
40 -3  80   40   0.141    0.015         11.355  50.000   0.371 44.524 48.323    0.012     0.084     0.019      0.118      0.120      0.063      0.256      0.004       0.139       0.145       0.040       0.673
40 -7 100   40   0.119    0.033          8.824  50.000   0.501 45.563 48.992    0.026     0.049     0.036      0.059      0.123      0.060      0.217      0.018       0.048       0.212       0.050       0.672
40 -5 100   40   0.124    0.023          9.371  50.000   0.512 45.552 48.910    0.024     0.056     0.028      0.074      0.121      0.054      0.229      0.010       0.070       0.188       0.037       0.695
40 -3 100   40   0.133    0.016         10.171  50.000   0.521 45.133 48.732    0.022     0.076     0.026      0.105      0.115      0.055      0.244      0.008       0.124       0.149       0.034       0.686
40 -7 140   40   0.129    0.026          9.545  50.000   0.527 45.591 48.992    0.012     0.059     0.012      0.082      0.128      0.057      0.236      0.002       0.081       0.196       0.039       0.683
40 -5 140   40   0.133    0.019          9.882  50.000   0.515 45.386 48.833    0.012     0.069     0.015      0.096      0.125      0.055      0.242      0.003       0.105       0.177       0.034       0.681
40 -3 140   40   0.138    0.024         10.260  50.000   0.486 44.673 48.603    0.016     0.089     0.032      0.121      0.119      0.056      0.247      0.011       0.153       0.149       0.033       0.654
40 -7  WO   40   0.167    0.086          9.971  49.750   0.407 44.044 48.160    0.018     0.079     0.029      0.108      0.139      0.131      0.299      0.006       0.082       0.138       0.122       0.652
40 -5  WO   40   0.170    0.085         10.215  49.750   0.409 43.865 48.114    0.020     0.088     0.036      0.120      0.138      0.130      0.303      0.009       0.099       0.130       0.116       0.646
40 -3  WO   40   0.175    0.084         10.609  50.000   0.412 43.552 48.036    0.026     0.107     0.052      0.143      0.131      0.128      0.307      0.017       0.133       0.112       0.107       0.631
30 -7  38  Mar   0.056    0.016          7.409  40.000   0.162 34.145 38.937    0.008     0.038     0.018      0.051      0.055      0.081        NaN      0.025       0.206       0.239       0.529         NaN
30 -5  38  Mar   0.063    0.028          7.237  40.000   0.178 34.831 38.832    0.012     0.045     0.024      0.059      0.055      0.095        NaN      0.036       0.212       0.185       0.567         NaN
30 -3  38  Mar   0.076    0.052          6.064  40.000   0.199 34.918 38.662    0.020     0.051     0.037      0.062      0.052      0.121        NaN      0.060       0.167       0.118       0.655         NaN
30 -7  60  Mar   0.059    0.037          5.337  40.000   0.165 34.250 38.789    0.010     0.042     0.022      0.056      0.053      0.087        NaN      0.034       0.223       0.200       0.544         NaN
30 -5  60  Mar   0.066    0.044          5.190  40.000   0.179 34.797 38.748    0.014     0.048     0.027      0.061      0.052      0.100        NaN      0.043       0.217       0.156       0.583         NaN
30 -3  60  Mar   0.079    0.061          4.398  40.000   0.204 34.789 38.593    0.024     0.055     0.042      0.065      0.052      0.126        NaN      0.069       0.170       0.109       0.651         NaN
30 -7 200  Mar   0.062    0.040          4.172  40.000   0.133 16.899 37.304    0.035     0.065     0.059      0.071      0.038      0.072        NaN      0.225       0.332       0.096       0.348         NaN
30 -5 200  Mar   0.065    0.045          3.971  40.000   0.158 23.451 38.153    0.034     0.061     0.055      0.067      0.046      0.085        NaN      0.181       0.260       0.124       0.435         NaN
30 -3 200  Mar   0.064    0.041          3.890  40.000   0.148 22.896 37.939    0.027     0.055     0.039      0.067      0.070      0.074        NaN      0.094       0.271       0.295       0.339         NaN
30 -7  WO  Mar   0.070    0.052          3.334  40.000   0.196 36.128 38.844    0.008     0.029     0.012      0.040      0.056      0.121        NaN      0.007       0.081       0.157       0.756         NaN
30 -5  WO  Mar   0.077    0.054          3.899  40.000   0.210 35.768 38.761    0.009     0.039     0.013      0.053      0.060      0.130        NaN      0.008       0.118       0.151       0.723         NaN
30 -3  WO  Mar   0.090    0.058          4.923  40.000   0.230 34.847 38.585    0.010     0.058     0.019      0.080      0.064      0.145        NaN      0.011       0.198       0.128       0.663         NaN
30 -7  38  Jan   0.063    0.015          8.288  40.000   0.182 31.549 38.766    0.009     0.045     0.019      0.060      0.063      0.089        NaN      0.023       0.226       0.246       0.505         NaN
30 -5  38  Jan   0.071    0.026          7.994  40.000   0.192 34.314 38.706    0.012     0.051     0.025      0.067      0.063      0.104        NaN      0.031       0.227       0.197       0.546         NaN
30 -3  38  Jan   0.082    0.056          6.717  40.000   0.205 34.631 38.479    0.022     0.056     0.040      0.068      0.056      0.132        NaN      0.060       0.172       0.114       0.654         NaN
30 -7  76  Jan   0.066    0.047          4.514  40.000   0.176 34.284 38.659    0.014     0.048     0.027      0.063      0.056      0.097        NaN      0.042       0.227       0.178       0.553         NaN
30 -5  76  Jan   0.072    0.054          4.512  40.000   0.188 34.556 38.589    0.019     0.054     0.034      0.068      0.054      0.110        NaN      0.056       0.218       0.137       0.589         NaN
30 -3  76  Jan   0.084    0.066          4.597  40.000   0.207 34.590 38.459    0.029     0.059     0.048      0.069      0.056      0.133        NaN      0.083       0.167       0.112       0.639         NaN
30 -7 120  Jan   0.063    0.048          3.473  40.000   0.168 34.461 38.645    0.016     0.046     0.029      0.058      0.050      0.095        NaN      0.053       0.208       0.157       0.581         NaN
30 -5 120  Jan   0.069    0.052          3.727  40.000   0.180 34.750 38.614    0.020     0.048     0.035      0.058      0.050      0.108        NaN      0.066       0.178       0.132       0.625         NaN
30 -3 120  Jan   0.070    0.043          4.198  40.000   0.170 26.293 38.194    0.007     0.049     0.011      0.068      0.079      0.092        NaN      0.006       0.237       0.321       0.436         NaN
30 -7  WO  Jan   0.075    0.058          3.390  40.000   0.202 35.925 38.724    0.015     0.026     0.021      0.029      0.062      0.132        NaN      0.019       0.038       0.166       0.776         NaN
30 -5  WO  Jan   0.081    0.059          3.962  40.000   0.215 35.655 38.672    0.017     0.034     0.022      0.043      0.067      0.139        NaN      0.018       0.069       0.169       0.744         NaN
30 -3  WO  Jan   0.089    0.060          4.732  40.000   0.231 35.420 38.621    0.019     0.043     0.023      0.056      0.073      0.150        NaN      0.017       0.100       0.166       0.718         NaN

=== TASK 2: 40 um refits restricted to f <= fmax (multistart best) ===
  rms_inband: refit scored on f<=fmax | rms_full50: same L scored on 10 MHz-50 GHz |
  rms_full_fit_inband: the 50-GHz baseline L scored on f<=fmax only
 V lab  fmax      L1      Lm      L2 flags  rms_inband  rms_full50  rms_full_fit_inband   f_RC  f_RC_full
-7  38    50   0.000 215.132 143.498  L1@0       0.221       0.221                0.221 30.720     30.720
-7  38    40   0.000 223.195 135.513  L1@0       0.202       0.224                0.203 31.117     30.720
-7  38    30   0.000 262.342 158.626  L1@0       0.157       0.228                0.162 31.704     30.720
-7  38    20   0.000 312.475 216.266  L1@0       0.060       0.310                0.099 31.090     30.720
-5  38    50   0.000 218.455 146.071  L1@0       0.242       0.242                0.242 26.964     26.964
-5  38    40   0.000 225.264 139.125  L1@0       0.226       0.243                0.227 27.264     26.964
-5  38    30   0.000 260.697 162.621  L1@0       0.184       0.248                0.189 27.905     26.964
-5  38    20   0.000 318.184 227.467  L1@0       0.082       0.337                0.122 27.655     26.964
-7  80    50 175.670   0.000  86.262  Lm@0       0.132       0.132                0.132 21.816     21.816
-7  80    40 168.647   0.000  74.906  Lm@0       0.070       0.145                0.091 21.914     21.816
-7  80    30  90.288   0.000 129.292  Lm@0       0.042       0.187                0.097 20.775     21.816
-7  80    20 116.095   0.000 109.292  Lm@0       0.026       0.174                0.059 21.359     21.816
-5  80    50 175.319   0.000  93.176  Lm@0       0.136       0.136                0.136 18.703     18.703
-5  80    40 167.673   0.000  81.275  Lm@0       0.067       0.149                0.089 18.707     18.703
-5  80    30 116.964   0.000 110.995  Lm@0       0.039       0.182                0.097 18.034     18.703
-5  80    20 118.041   0.000 106.891  Lm@0       0.020       0.188                0.068 18.056     18.703
-7 100    50 178.831   0.000  82.203  Lm@0       0.119       0.119                0.119 20.126     20.126
-7 100    40 174.349   0.000  70.539  Lm@0       0.055       0.132                0.077 20.145     20.126
-7 100    30 128.135   0.000 103.386  Lm@0       0.042       0.153                0.081 19.662     20.126
-7 100    20 143.681   0.000  96.784  Lm@0       0.036       0.137                0.049 19.861     20.126
-5 100    50 177.040   0.000  89.545  Lm@0       0.124       0.124                0.124 17.032     17.032
-5 100    40 170.225   0.000  78.689  Lm@0       0.053       0.137                0.077 16.967     17.032
-5 100    30 161.801   0.000  76.389  Lm@0       0.030       0.154                0.083 16.870     17.032
-5 100    20 151.093   0.000  87.499  Lm@0       0.029       0.152                0.056 16.756     17.032
-7 140    50 187.084   0.000  58.142  Lm@0       0.129       0.129                0.129 18.775     18.775
-7 140    40 180.963   0.000  46.683  Lm@0       0.054       0.144                0.081 18.697     18.775
-7 140    30 164.991   0.000  50.563  Lm@0       0.023       0.168                0.088 18.526     18.775
-7 140    20 155.201   0.000  56.527  Lm@0       0.015       0.177                0.059 18.417     18.775
-5 140    50 186.643   0.000  66.267  Lm@0       0.133       0.133                0.133 15.658     15.658
-5 140    40 177.990   0.000  56.322  Lm@0       0.057       0.147                0.084 15.516     15.658
-5 140    30 179.996   0.000  42.751  Lm@0       0.019       0.170                0.092 15.468     15.658
-5 140    20 180.197   0.000  37.850  Lm@0       0.012       0.182                0.069 15.441     15.658
-7  WO    50 139.964   0.000 121.302             0.167       0.167                0.167 13.776     13.776
-7  WO    40 195.569   0.000  46.927             0.089       0.181                0.111 13.571     13.776
-7  WO    30  53.231   0.000 177.809             0.044       0.201                0.103 13.435     13.776
-7  WO    20  53.000   0.000 174.928             0.039       0.208                0.079 13.397     13.776
-5  WO    50 102.583   0.000 167.236             0.170       0.170                0.170 11.358     11.358
-5  WO    40 107.147   0.000 142.876             0.092       0.183                0.113 11.178     11.358
-5  WO    30 127.435   0.000 110.209             0.048       0.204                0.107 11.060     11.358
-5  WO    20  54.230   0.000 179.031             0.043       0.213                0.088 11.017     11.358

=== TASK 3: C_total = -1/(w Im Z) of the open devices ===
 D  V camp  f_GHz  ReZ_meas  ReZ_model  ImZ_meas  C_meas_fF  C_CV_plus_CPW  C_model_fittedL  C_model_noL  C_meas_minus_CPW  Cpd_CV  excess_pct_vs_CV  excess_pct_vs_model
40 -7   40   1.00      4.74       6.15   -552.03     288.31         274.13           274.90       274.12            241.78  227.60              5.17                 4.88
40 -7   40   2.00      4.50       6.15   -274.20     290.22         274.13           277.24       274.10            243.69  227.60              5.87                 4.68
40 -7   40   3.00      4.03       6.15   -181.30     292.63         274.13           281.23       274.07            246.10  227.60              6.75                 4.05
40 -7   40   5.00      3.66       6.15   -104.88     303.51         274.13           294.80       273.97            256.98  227.60             10.72                 2.95
40 -5   40   1.00      4.52       6.52   -472.01     337.19         321.13           322.22       321.12            290.66  274.60              5.00                 4.64
40 -5   40   2.00      4.67       6.52   -233.84     340.31         321.13           325.55       321.09            293.78  274.60              5.97                 4.54
40 -5   40   3.00      4.16       6.52   -154.24     343.95         321.13           331.24       321.05            297.42  274.60              7.11                 3.84
40 -5   40   5.00      3.89       6.52    -88.52     359.58         321.13           350.88       320.89            313.05  274.60             11.97                 2.48
40 -3   40   1.00      4.96       7.12   -347.37     458.17         436.93           439.05       436.91            411.64  390.40              4.86                 4.35
40 -3   40   2.00      4.84       7.12   -171.51     463.99         436.93           445.55       436.85            417.46  390.40              6.19                 4.14
40 -3   40   3.00      4.37       7.12   -112.33     472.29         436.93           456.82       436.75            425.76  390.40              8.09                 3.39
40 -3   40   5.00      4.27       7.12    -63.11     504.38         436.93           497.05       436.43            457.85  390.40             15.44                 1.48
30 -7  Mar   1.00      1.73       4.90   -855.78     185.98         180.03           180.27       180.03            139.45  133.50              3.30                 3.17
30 -7  Mar   2.00      4.68       4.90   -426.47     186.59         180.03           180.99       180.02            140.06  133.50              3.65                 3.10
30 -7  Mar   3.00      4.62       4.90   -283.92     186.86         180.03           182.20       180.01            140.33  133.50              3.79                 2.56
30 -7  Mar   5.00      3.53       4.90   -167.56     189.97         180.03           186.18       179.98            143.44  133.50              5.52                 2.03
30 -5  Mar   1.00      3.02       5.37   -740.57     214.91         207.63           207.96       207.63            168.38  161.10              3.50                 3.34
30 -5  Mar   2.00      4.38       5.37   -369.05     215.63         207.63           208.97       207.62            169.10  161.10              3.85                 3.19
30 -5  Mar   3.00      4.66       5.37   -245.77     215.86         207.63           210.67       207.60            169.33  161.10              3.96                 2.46
30 -5  Mar   5.00      3.83       5.37   -144.45     220.35         207.63           216.29       207.56            173.82  161.10              6.13                 1.88
30 -3  Mar   1.00      4.02       6.18   -556.25     286.12         277.33           277.97       277.32            239.59  230.80              3.17                 2.93
30 -3  Mar   2.00      5.01       6.18   -276.41     287.90         277.33           279.92       277.30            241.37  230.80              3.81                 2.85
30 -3  Mar   3.00      5.06       6.18   -183.16     289.64         277.33           283.21       277.27            243.11  230.80              4.44                 2.27
30 -3  Mar   5.00      4.53       6.18   -106.57     298.69         277.33           294.32       277.17            252.16  230.80              7.70                 1.49
30 -7  Jan   1.00     -4.85       4.90   -841.62     189.10         180.03           180.29       180.03            142.57  133.50              5.04                 4.89
30 -7  Jan   2.00      3.11       4.90   -416.28     191.16         180.03           181.07       180.02            144.63  133.50              6.18                 5.57
30 -7  Jan   3.00      3.00       4.90   -276.78     191.67         180.03           182.40       180.01            145.14  133.50              6.47                 5.09
30 -7  Jan   5.00      3.57       4.90   -163.97     194.13         180.03           186.76       179.98            147.60  133.50              7.83                 3.95
30 -5  Jan   1.00     -3.22       5.37   -728.18     218.57         207.63           207.99       207.63            172.04  161.10              5.27                 5.08
30 -5  Jan   2.00      4.22       5.37   -360.81     220.55         207.63           209.08       207.62            174.02  161.10              6.22                 5.48
30 -5  Jan   3.00      3.43       5.37   -239.81     221.22         207.63           210.93       207.60            174.69  161.10              6.55                 4.88
30 -5  Jan   5.00      3.91       5.37   -141.27     225.33         207.63           217.07       207.56            178.80  161.10              8.52                 3.80
30 -3  Jan   1.00     -0.52       6.18   -547.46     290.72         277.33           278.02       277.32            244.19  230.80              4.83                 4.57
30 -3  Jan   2.00      4.85       6.18   -270.70     293.97         277.33           280.13       277.30            247.44  230.80              6.00                 4.94
30 -3  Jan   3.00      4.38       6.18   -179.18     296.08         277.33           283.71       277.27            249.55  230.80              6.76                 4.36
30 -3  Jan   5.00      4.63       6.18   -104.33     305.11         277.33           295.80       277.17            258.58  230.80             10.02                 3.15

--- pad-only structures ---
f_GHz         1.0   2.0   3.0   5.0   10.0
structure V                               
25um pad  -7 45.26 45.53 44.42 43.49 41.88
          -5 45.98 45.14 44.85 44.37 44.25
          -3 45.25 45.65 44.84 44.43 44.43
30um pad  -7 46.90 48.56 47.24 47.13 47.85
          -5 47.42 48.79 47.24 47.12 47.87
          -3 48.46 48.70 47.51 47.23 47.96

--- summary at 1-2 GHz (mean of the two): measured C - 46.53 vs C_PD(C-V) ---
            C_meas_fF  C_CV_plus_CPW  C_model_fittedL  C_meas_minus_CPW  Cpd_CV  excess_pct_vs_CV  excess_pct_vs_model  ReZ_meas  ReZ_model
D  camp V                                                                                                                                  
30 Jan  -7     190.13         180.03           180.68            143.60  133.50              5.61                 5.23     -0.87       4.90
        -5     219.56         207.63           208.54            173.03  161.10              5.75                 5.28      0.50       5.37
        -3     292.34         277.33           279.08            245.81  230.80              5.41                 4.75      2.17       6.18
   Mar  -7     186.29         180.03           180.63            139.76  133.50              3.47                 3.13      3.21       4.90
        -5     215.27         207.63           208.47            168.74  161.10              3.68                 3.26      3.70       5.37
        -3     287.01         277.33           278.94            240.48  230.80              3.49                 2.89      4.52       6.18
40 40   -7     289.26         274.13           276.07            242.73  227.60              5.52                 4.78      4.62       6.15
        -5     338.75         321.13           323.88            292.22  274.60              5.49                 4.59      4.59       6.52
        -3     461.08         436.93           442.30            414.55  390.40              5.53                 4.25      4.90       7.12

=== TASK 4 (EXPLORATORY): R_s(8.92, locked) + R_p||C_p series element ===
  Rp_x_area in ohm*um^2 (contact-like scaling => constant), Cp_per_area in fF/um^2
 D  V lab camp        Rm  rms_base  f_RC_base  rms_RpCp  f_RC_RpCp      Rp    Cp_fF  tau_ps    f_p_GHz  Rp_x_area  Cp_per_area      L1      Lm      L2      flags
40 -7  38   40    42.524     0.221     30.720     0.065     23.084  18.656    0.100   0.002  85309.046  23444.173        0.000   0.000 409.263 140.503 L1@0,Cp@lo
40 -5  38   40    39.107     0.242     26.964     0.066     19.510  19.121    0.100   0.002  83235.463  24028.220        0.000   0.000 422.550 141.775 L1@0,Cp@lo
40 -7  80   40    80.349     0.132     21.816     0.107     17.649  23.916  525.223  12.561     12.670  30053.353        0.418 209.632   0.000  85.234       Lm@0
40 -5  80   40    77.170     0.136     18.703     0.114     14.049  25.136  663.093  16.668      9.549  31587.026        0.528 207.274   0.000  93.227       Lm@0
40 -7 100   40   107.542     0.119     20.126     0.106     17.699  14.064  854.428  12.016     13.245  17672.776        0.680 201.219   0.000  80.475       Lm@0
40 -5 100   40   103.954     0.124     17.032     0.112     14.535  15.658 1089.487  17.059      9.330  19676.411        0.867 198.320   0.000  88.518       Lm@0
40 -7 140   40   142.527     0.129     18.775     0.111     16.081  26.460  861.821  22.804      6.979  33250.261        0.686 211.790   0.000  56.758       Lm@0
40 -5 140   40   140.736     0.133     15.658     0.117     13.194  33.791 1140.769  38.548      4.129  42463.556        0.908 208.059   0.000  66.086       Lm@0
40 -7  WO   40 13943.630     0.167     13.776     0.158     11.949  18.772 1411.331  26.494      6.007  23589.781        1.123 183.650   0.000  94.051           
40 -5  WO   40 58279.611     0.170     11.358     0.161     10.319 300.000 2014.927 604.478      0.263 376991.118        1.603 188.444   0.000  95.633    ,Rp@300
30 -7  38  Mar    38.153     0.056     41.381     0.034      7.578 127.216   36.839   4.686     33.961  89923.558        0.052 292.199   0.000  73.811       Lm@0
30 -5  38  Mar    35.682     0.063     37.785     0.038      7.617  97.313   69.362   6.750     23.579  68786.718        0.098 257.601   0.000  87.595       Lm@0
30 -7  60  Mar    60.348     0.059     34.915     0.031     16.609  60.570   91.906   5.567     28.590  42814.384        0.130 244.705   0.000  49.190       Lm@0
30 -5  60  Mar    57.514     0.066     31.350     0.034     16.402  48.465  144.640   7.010     22.704  34258.097        0.205 226.786   0.000  63.148       Lm@0
30 -7 200  Mar   205.543     0.062     24.629     0.041     24.109  11.506  214.629   2.469     64.450   8132.784        0.304 213.777   0.000  12.324       Lm@0
30 -5 200  Mar   202.264     0.065     21.044     0.040     21.024   9.603  412.820   3.964     40.146   6788.140        0.584 223.977   0.000  10.662       Lm@0
30 -7  WO  Mar 26901.932     0.070     21.964     0.063     21.281   2.333    0.100   0.000 682227.566   1649.010        0.000  61.511   0.000 126.674     ,Cp@lo
30 -5  WO  Mar 41794.216     0.077     18.520     0.071     17.927   2.144    0.100   0.000 742369.993   1515.417        0.000  84.784   0.000 113.023     ,Cp@lo
30 -7  38  Jan    37.938     0.063     37.949     0.037      8.296 117.357   40.022   4.697     33.885  82954.886        0.057 300.397   0.000  83.114       Lm@0
30 -5  38  Jan    34.889     0.071     35.847     0.040      7.836  96.148   68.152   6.553     24.289  67963.066        0.096 270.838   0.000  98.523       Lm@0
30 -7  76  Jan    73.290     0.066     32.685     0.030     24.678  42.197  137.841   5.817     27.363  29827.636        0.195 234.382   0.000  38.424       Lm@0
30 -5  76  Jan    70.170     0.072     29.415     0.035     22.131  35.888  203.627   7.308     21.779  25368.057        0.288 222.904   0.000  51.585       Lm@0
30 -7 120  Jan   115.010     0.063     28.787     0.027     26.116  21.148  263.911   5.581     28.516  14948.908        0.373 219.687   0.000  25.168       Lm@0
30 -5 120  Jan   112.167     0.069     25.560     0.032     23.179  17.592  408.503   7.186     22.147  12435.170        0.578 212.456   0.000  36.365       Lm@0
30 -7  WO  Jan 16549.096     0.075     22.254     0.064     21.387   3.056    0.100   0.000 520758.939   2160.309        0.000 137.949   0.000  67.380     ,Cp@lo
30 -5  WO  Jan 16773.674     0.081     18.802     0.072     18.065   2.702    0.100   0.000 588947.715   1910.187        0.000  71.287   0.000 143.651     ,Cp@lo

wrote inv40/B_fits.csv B_fmax_refit.csv B_Ctotal.csv B_Cpad.csv B_Ctotal_summary.csv B_RpCp.csv and B_*.png
