=== (a) pole fit with the PREVIOUS tau set (f_tr = 32.6 GHz) instead of the baseline (42.2 GHz) ===
 D  V lab camp   rms0_prev  tau_x_prev  f_x_prev  rms_pole_prev | baseline: rms0  tau_x  rms_pole
 40  -5  80 40V2   0.605       5.11       31.1    0.372       |          0.743   6.04  0.367
 40  -5  WO 40V2   0.367       2.93       54.3    0.341       |          0.438   4.20  0.340
 40  -7  38 40V1   1.099       6.29       25.3    0.254       |          1.354   7.16  0.270
 40  -7  80 40V2   0.911       4.68       34.0    0.645       |          1.118   5.74  0.633
 40  -7 100 40V1   1.276       6.74       23.6    0.332       |          1.536   7.60  0.352
 40  -7 140 40V1   0.514       4.97       32.0    0.273       |          0.654   5.88  0.272
 40  -7  WO 40V1   1.837       7.85       20.3    0.418       |          2.142   8.74  0.434
 30  -5  38  Mar   1.175       0.00     2664040271993.1    1.175       |          0.684   0.00  0.684
 30  -5  60  Mar   0.913       0.00     245981097.0    0.913       |          0.762   0.54  0.761
 30  -5 200  Mar   0.574       0.00     48644386402.0    0.574       |          0.667   2.56  0.575
 30  -5  WO  Mar   0.972       0.00     438462111.6    0.972       |          0.839   0.00  0.839
 30  -7  38  Jan   1.645       0.00     12643880.3    1.645       |          0.940   0.00  0.940
 30  -7  38  Mar   0.910       0.00     340224077.9    0.910       |          0.647   0.56  0.646
 30  -7  60  Mar   0.874       0.00     18602078950344.9    0.874       |          0.847   1.72  0.820
 30  -7  76  Jan   1.556       0.00     56832694.1    1.556       |          0.985   0.00  0.985
 30  -7 120  Jan   0.948       0.00     4063838.4    0.948       |          0.549   0.00  0.549
 30  -7 200  Mar   0.525       0.00     14485761623239.9    0.525       |          0.612   2.47  0.521
 30  -7  WO  Jan   0.685       0.00     15134306240.6    0.685       |          0.719   2.60  0.685
 30  -7  WO  Mar   0.946       0.00     15354348.2    0.946       |          0.867   1.19  0.862

=== (b) largest single-step drop between consecutive measured points, per sheet (Cal RF POW, dB) ===
 D  V lab camp  sheet                                   n   f_lo -> f_hi (GHz)   step(dB)  median|step|  2nd-largest drop @ f
 40  -5  80 40V2  Bias_5V_Iph_1mA_40um_38ohm_2.xlsx         30  11.67 -> 12.17      -0.82     0.14         -0.52 @  8.67-> 9.17
 40  -5  WO 40V2  Bias_5V_Iph_1mA_40um_WO_2.xlsx            32  11.67 -> 12.17      -1.50     0.23         -0.65 @  2.00-> 2.50
 40  -7  38 40V1  Bias_7V_Iph_1mA_40um_38ohm_1.xlsx         40  19.33 -> 19.83      -0.82     0.10         -0.63 @ 16.67->17.17
 40  -7  80 40V2  Bias_7V_Iph_1mA_40um_38ohm_2.xlsx         40  16.00 -> 16.50      -1.19     0.19         -0.50 @  8.83-> 9.33
 40  -7 100 40V1  Bias_7V_Iph_1mA_40um_100ohm_1.xlsx        40  15.83 -> 16.50      -1.40     0.18         -1.14 @ 20.17->20.67
 40  -7 140 40V1  Bias_7V_Iph_1mA_120ohm_40um_140ohm_1.xlsx  30  15.00 -> 15.50      -0.71     0.16         -0.49 @ 12.33->12.83
 40  -7  WO 40V1  Bias_7V_Iph_1mA_40um_WO_3.xlsx            45  16.00 -> 16.50      -1.38     0.29         -1.04 @ 19.50->20.00
 30  -5  38  Mar  Bias_5V_Iph_1mA_30um_38ohm_1.xlsx         70  30.92 -> 31.50      -2.14     0.17         -1.72 @ 34.00->34.67
 30  -5  60  Mar  Bias_5V_Iph_1mA_30um_60ohm_1.xlsx         60  30.58 -> 31.33      -2.16     0.16         -1.08 @ 26.33->27.08
 30  -5 200  Mar  Bias_5V_Iph_1mA_30um_200ohm_1.xlsx        60  16.17 -> 16.67      -1.29     0.23         -1.04 @ 20.50->20.67
 30  -5  WO  Mar  Bias_-5V_Iph_1mA_30GHz.xlsx               59  16.17 -> 16.83      -1.32     0.31         -1.20 @ 23.17->23.83
 30  -7  38  Jan  Bias_7V_Iph_1mA_38ohm_30um_1.xlsx         77  30.92 -> 31.33      -1.03     0.15         -0.96 @  3.58-> 4.08
 30  -7  38  Mar  Bias_7V_Iph_1mA_30um_38ohm_2.xlsx         70  33.83 -> 34.67      -1.68     0.14         -1.15 @ 29.75->30.25
 30  -7  60  Mar  Bias_7V_Iph_1mA_30um_60ohm_2.xlsx         59  29.92 -> 30.58      -1.76     0.12         -0.92 @ 16.00->16.50
 30  -7  76  Jan  Bias_7V_Iph_1mA_30um_76ohm_1.xlsx         60   3.42 ->  3.92      -1.94     0.17         -1.54 @ 30.92->31.33
 30  -7 120  Jan  Bias_7V_Iph_1mA_30um_120ohm_1.xlsx        50  26.67 -> 27.25      -1.00     0.23         -0.85 @ 16.17->16.50
 30  -7 200  Mar  Bias_7V_Iph_1mA_30um_200ohm_1.xlsx        59  20.33 -> 20.67      -1.24     0.21         -0.90 @ 16.17->16.67
 30  -7  WO  Jan  Bias_7V_Iph_1mA_30um_WO_1.xlsx            40  16.17 -> 16.50      -1.30     0.26         -1.27 @  2.92-> 3.42
 30  -7  WO  Mar  Bias_7V_Iph_1mA_30GHz_30um_WO_2.xlsx      60  26.50 -> 27.08      -1.33     0.34         -1.32 @ 15.67->16.50

=== (c) RF-wanted C_PD (H_ph kept, C_ph) vs S11-wanted C_PD (free R_s + C_PD S11 fit, established) — 40 um ===
  V lab   C_CV   C_S11(free Rs,C)  Rs_S11   C_RF(H_ph kept)  C_RF(f_T->inf)   C_RF/C_CV  C_S11/C_CV  C_RF/C_S11
 -5  80   274.6      212.2         12.0       333.0           351.2        1.21       0.77        1.57
 -5  WO   274.6      239.4         12.2       294.1           305.7        1.07       0.87        1.23
 -7  38   227.6      186.7         25.7       349.8           379.2        1.54       0.82        1.87
 -7  80   227.6      179.9         13.5       286.1           308.3        1.26       0.79        1.59
 -7 100   227.6      199.5         11.4       313.0           333.2        1.38       0.88        1.57
 -7 140   227.6      187.1         10.4       275.8           291.4        1.21       0.82        1.47
 -7  WO   227.6      198.4         12.8       323.6           343.6        1.42       0.87        1.63

=== measured f_3dB vs model f_3dB (baseline, and after the fitted pole) ===
 D  V lab camp   f3_meas  f3_model_base  ratio  f3_model_pole  f3_model_k  f3_model_g
 40  -5  80 40V2    15.97     17.45      0.92      14.65        14.66       14.67
 40  -5  WO 40V2    10.03     10.90      0.92      10.25        10.26       10.27
 40  -7  38 40V1    16.90     25.54      0.66      16.77        16.72       16.73
 40  -7  80 40V2    16.12     20.13      0.80      16.79        16.94       16.98
 40  -7 100 40V1    14.76     18.61      0.79      14.18        14.31       14.35
 40  -7 140 40V1    14.47     17.38      0.83      14.49        14.46       14.45
 40  -7  WO 40V1    10.17     13.03      0.78      10.10        10.46       10.54
 30  -5  38  Mar    33.21     30.75      1.08      30.75        32.52       30.75
 30  -5  60  Mar    27.22     26.23      1.04      26.11        26.10       26.11
 30  -5 200  Mar    16.43     18.76      0.88      17.69        17.72       17.74
 30  -5  WO  Mar    14.58     16.85      0.87      16.85        16.85       16.85
 30  -7  38  Jan    34.00     29.37      1.16      29.37        35.02       29.37
 30  -7  38  Mar    32.66     32.01      1.02      31.79        31.78       31.80
 30  -7  60  Mar    28.16     28.20      1.00      26.85        26.87       26.89
 30  -7  76  Jan    31.36     26.89      1.17      26.89        32.48       26.89
 30  -7 120  Jan    27.05     24.40      1.11      24.40        27.38       24.40
 30  -7 200  Mar    19.78     21.38      0.92      20.01        20.04       20.06
 30  -7  WO  Jan    19.39     19.81      0.98      18.62        18.64       18.65
 30  -7  WO  Mar    17.46     19.47      0.90      19.20        19.19       19.21
