H_ph alone: f_tr = 42.17 GHz  (expected 32.6)

=== (1) baseline model |H_ph*H_ckt| vs measured: residual (meas - model, dB) over the measured band ===
 D  V lab camp    Rm  n  fmax  f_RC  f3_meas  rms0  mean0  min0  rms0_le15  rms0_gt15  r0_5  r0_10  r0_15  r0_20  r0_end  f3_model_base
40 -5  80 40V2  77.2 30 16.00 18.70    15.97  0.74  -0.53 -1.61       0.75       0.56 -0.18  -0.99  -0.46    NaN   -0.67          17.45
40 -5  WO 40V2  open 32 14.67 11.36    10.03  0.44  -0.21 -1.26       0.44        NaN -0.13  -0.68    NaN    NaN    0.22          10.90
40 -7  38 40V1  42.5 40 20.33 30.72    16.90  1.35  -0.99 -3.45       0.61       2.39 -0.35  -0.46  -1.22  -3.28   -2.97          25.54
40 -7  80 40V2  80.3 40 20.83 21.82    16.12  1.12  -0.91 -2.24       1.00       1.35 -0.35  -1.06  -1.14  -0.62   -0.55          20.13
40 -7 100 40V1 107.5 40 20.67 20.13    14.76  1.54  -1.10 -4.06       0.66       2.73 -0.42  -0.57  -1.48  -3.18   -4.06          18.61
40 -7 140 40V1 142.5 30 15.50 18.77    14.47  0.65  -0.56 -1.65       0.59       1.65 -0.55  -0.46  -1.12    NaN   -1.65          17.38
40 -7  WO 40V1  open 45 22.50 13.78    10.17  2.14  -1.70 -4.62       1.02       3.42 -0.99  -1.24  -1.51  -4.17   -4.62          13.03
30 -5  38  Mar  35.7 70 36.83 37.79    33.21  0.68   0.00 -1.16       0.56       0.76 -0.42  -0.61  -0.26   0.15    1.79          30.75
30 -5  60  Mar  57.5 60 31.33 31.35    27.22  0.76  -0.40 -1.42       0.87       0.64 -0.74  -0.94  -0.55   0.03   -1.39          26.23
30 -5 200  Mar 202.3 60 26.50 21.04    16.43  0.67  -0.52 -1.46       0.70       0.63 -0.58  -0.83  -0.53  -1.13    0.31          18.76
30 -5  WO  Mar  open 59 29.92 18.52    14.58  0.84  -0.41 -1.70       0.96       0.70 -1.01  -1.28  -0.29   0.33    1.28          16.85
30 -7  38  Jan  37.9 77 37.83 37.95    34.00  0.94   0.70 -1.89       0.50       1.11 -0.19   0.26   0.69   0.77    1.02          29.37
30 -7  38  Mar  38.2 70 36.67 41.38    32.66  0.65  -0.31 -1.30       0.73       0.59 -0.55  -0.80  -0.46  -0.25    0.49          32.01
30 -7  60  Mar  60.3 59 31.33 34.91    28.16  0.85  -0.60 -1.54       1.01       0.66 -0.91  -1.10  -0.72  -0.10   -1.06          28.20
30 -7  76  Jan  73.3 60 33.67 32.69    31.36  0.99   0.75 -2.17       0.62       1.19  0.01   0.39   0.82   0.81    1.37          26.89
30 -7 120  Jan 115.0 50 27.75 28.79    27.05  0.55   0.31 -1.01       0.36       0.70 -0.23   0.07   0.51   0.53    0.55          24.40
30 -7 200  Mar 205.5 59 26.33 24.63    19.78  0.61  -0.48 -1.35       0.64       0.58 -0.66  -0.78  -0.52  -0.61    0.40          21.38
30 -7  WO  Jan  open 40 20.83 22.25    19.39  0.72  -0.48 -2.31       0.79       0.49 -1.36  -0.73   0.08   0.09   -0.35          19.81
30 -7  WO  Mar  open 60 30.08 21.96    17.46  0.87  -0.49 -1.94       0.96       0.76 -0.74  -1.20  -0.50   0.16    1.30          19.47

=== (2) extra single pole  1/(1+jw tau_x)  [strict: no DC offset]  and  [offset c0 free] ===
 D  V lab camp    Rm  rms0  tau_x_ps              f_x  rms_pole  f3_model_pole  f3_meas  tau_xo_ps  c0_pole  rms_poleo  tau_x15_ps
40 -5  80 40V2  77.2  0.74      6.04            26.36      0.37          14.65    15.97       5.76    -0.07       0.36        6.70
40 -5  WO 40V2  open  0.44      4.20            37.91      0.34          10.25    10.03       4.23     0.01       0.34        4.20
40 -7  38 40V1  42.5  1.35      7.16            22.21      0.27          16.77    16.90       7.38     0.08       0.27        6.16
40 -7  80 40V2  80.3  1.12      5.74            27.72      0.63          16.79    16.12       4.18    -0.50       0.56        8.24
40 -7 100 40V1 107.5  1.54      7.60            20.95      0.35          14.18    14.76       7.98     0.15       0.34        6.33
40 -7 140 40V1 142.5  0.65      5.88            27.05      0.27          14.49    14.47       4.71    -0.26       0.22        5.70
40 -7  WO 40V1  open  2.14      8.74            18.21      0.43          10.10    10.17       8.39    -0.15       0.43        7.81
30 -5  38  Mar  35.7  0.68      0.00   11095692230.19      0.68          30.75    33.21       0.00     0.00       0.68        5.59
30 -5  60  Mar  57.5  0.76      0.54           296.71      0.76          26.11    27.22       0.00    -0.40       0.65        6.88
30 -5 200  Mar 202.3  0.67      2.56            62.18      0.58          17.69    16.43       0.00    -0.52       0.42        6.10
30 -5  WO  Mar  open  0.84      0.00    9617097277.70      0.84          16.85    14.58       0.00    -0.41       0.73        7.28
30 -7  38  Jan  37.9  0.94      0.00   10095083064.87      0.94          29.37    34.00       0.00     0.70       0.62        0.00
30 -7  38  Mar  38.2  0.65      0.56           284.73      0.65          31.79    32.66       0.00    -0.31       0.57        6.51
30 -7  60  Mar  60.3  0.85      1.72            92.54      0.82          26.85    28.16       0.00    -0.60       0.60        7.64
30 -7  76  Jan  73.3  0.99      0.00 1993335831045.05      0.99          26.89    31.36       0.00     0.75       0.64        0.00
30 -7 120  Jan 115.0  0.55      0.00     549442868.81      0.55          24.40    27.05       0.00     0.31       0.45        0.00
30 -7 200  Mar 205.5  0.61      2.47            64.33      0.52          20.01    19.78       0.00    -0.48       0.37        5.97
30 -7  WO  Jan  open  0.72      2.60            61.28      0.68          18.62    19.39       0.00    -0.48       0.53        4.75
30 -7  WO  Mar  open  0.87      1.19           134.02      0.86          19.20    17.46       0.00    -0.49       0.71        7.56

=== (3) common scale k on all transit times in H_ph   [strict] and [offset free] ===
 D  V lab camp    Rm  rms0     k  rms_k  f3_model_k    ko   c0_k  rms_ko
40 -5  80 40V2  77.2 0.743 2.039  0.380      14.663 1.940 -0.103   0.374
40 -5  WO 40V2  open 0.438 1.626  0.341      10.263 1.625 -0.001   0.341
40 -7  38 40V1  42.5 1.354 2.273  0.225      16.722 2.292  0.036   0.224
40 -7  80 40V2  80.3 1.118 1.915  0.664      16.943 1.562 -0.540   0.562
40 -7 100 40V1 107.5 1.536 2.364  0.291      14.307 2.410  0.093   0.285
40 -7 140 40V1 142.5 0.654 2.022  0.274      14.461 1.748 -0.262   0.213
40 -7  WO 40V1  open 2.142 2.548  0.395      10.458 2.446 -0.242   0.363
30 -5  38  Mar  35.7 0.684 0.834  0.608      32.518 0.563 -0.531   0.497
30 -5  60  Mar  57.5 0.762 1.016  0.761      26.100 0.408 -0.879   0.492
30 -5 200  Mar 202.3 0.667 1.266  0.577      17.722 0.788 -0.690   0.396
30 -5  WO  Mar  open 0.839 1.000  0.839      16.846 0.000 -0.945   0.557
30 -7  38  Jan  37.9 0.940 0.513  0.445      35.024 0.612  0.165   0.433
30 -7  38  Mar  38.2 0.647 1.017  0.646      31.779 0.749 -0.642   0.484
30 -7  60  Mar  60.3 0.847 1.133  0.820      26.869 0.518 -1.017   0.478
30 -7  76  Jan  73.3 0.985 0.161  0.473      32.485 0.459  0.221   0.450
30 -7 120  Jan 115.0 0.549 0.518  0.323      27.380 0.439 -0.062   0.320
30 -7 200  Mar 205.5 0.612 1.252  0.523      20.040 0.833 -0.621   0.357
30 -7  WO  Jan  open 0.719 1.277  0.686      18.641 0.197 -0.732   0.484
30 -7  WO  Mar  open 0.867 1.067  0.862      19.194 0.367 -0.956   0.582

=== (4) Gaussian exp(-(f/f_g)^2) [f_g in GHz] and linear-in-dB exp(-f/f_e) [f_e in GHz] ===
 D  V lab camp    Rm  rms0  rms_pole  rms_k     f_g  rms_g  f3_model_g      f_e  rms_e
40 -5  80 40V2  77.2 0.743     0.367  0.380  40.111  0.383      14.666  123.717  0.337
40 -5  WO 40V2  open 0.438     0.340  0.341  55.244  0.341      10.266  269.156  0.342
40 -7  38 40V1  42.5 1.354     0.270  0.225  35.159  0.217      16.728   81.148  0.445
40 -7  80 40V2  80.3 1.118     0.633  0.664  44.013  0.672      16.979  106.482  0.504
40 -7 100 40V1 107.5 1.536     0.352  0.291  33.561  0.278      14.348   73.264  0.546
40 -7 140 40V1 142.5 0.654     0.272  0.274  40.450  0.274      14.453  130.828  0.241
40 -7  WO 40V1  open 2.142     0.434  0.395  30.984  0.393      10.540   55.539  0.551
30 -5  38  Mar  35.7 0.684     0.684  0.608     inf  0.684      30.751      inf  0.684
30 -5  60  Mar  57.5 0.762     0.761  0.761 426.843  0.762      26.114 1038.823  0.746
30 -5 200  Mar 202.3 0.667     0.575  0.577  92.399  0.579      17.744  323.232  0.510
30 -5  WO  Mar  open 0.839     0.839  0.839     inf  0.839      16.845 1026.477  0.826
30 -7  38  Jan  37.9 0.940     0.940  0.445     inf  0.940      29.367      inf  0.940
30 -7  38  Mar  38.2 0.647     0.646  0.646 407.877  0.646      31.795 1459.658  0.635
30 -7  60  Mar  60.3 0.847     0.820  0.820 136.139  0.821      26.893  445.546  0.768
30 -7  76  Jan  73.3 0.985     0.985  0.473     inf  0.985      26.889      inf  0.985
30 -7 120  Jan 115.0 0.549     0.549  0.323     inf  0.549      24.398      inf  0.549
30 -7 200  Mar 205.5 0.612     0.521  0.523  95.197  0.525      20.060  345.356  0.460
30 -7  WO  Jan  open 0.719     0.685  0.686  89.838  0.686      18.650  328.135  0.642
30 -7  WO  Mar  open 0.867     0.862  0.862 195.912  0.862      19.210  604.737  0.830

=== (5) ladder alone (H_ph=1) with C_PD free; baseline H_ph with C_PD free; S11 consequence ===
 D  V lab camp    Rm  Cpd_CV   C_inf  C_inf_ratio  rms_Cinf  f3_model_Cinf    C_ph  C_ph_ratio  rms_Cph  s11rms_base  s11rms_Cinf_fixL  s11rms_Cinf_refitL  L1_inf  Lm_inf  L2_inf   f_RC  fRC_Cinf  fRC_Cinf_refit
40 -5  80 40V2  77.2 274.600 351.189        1.279     0.334         14.687 333.015       1.213    0.349        0.136             0.180               0.172  12.879 600.000 221.961 18.703    14.687          15.490
40 -5  WO 40V2  open 274.600 305.735        1.113     0.339         10.107 294.146       1.071    0.337        0.170             0.193               0.189  96.799   0.000 162.023 11.358    10.107          10.020
40 -7  38 40V1  42.5 227.600 379.195        1.666     0.350         16.849 349.848       1.537    0.305        0.221             0.326               0.311   0.000 297.294 122.556 30.720    16.849          18.672
40 -7  80 40V2  80.3 227.600 308.322        1.355     0.560         16.528 286.056       1.257    0.603        0.132             0.192               0.165   5.729 600.000 220.813 21.816    16.528          17.375
40 -7 100 40V1 107.5 227.600 333.186        1.464     0.499         13.821 313.022       1.375    0.437        0.119             0.209               0.171   6.249 600.000 213.791 20.126    13.821          13.449
40 -7 140 40V1 142.5 227.600 291.374        1.280     0.277         14.639 275.850       1.212    0.275        0.129             0.194               0.178  20.244 600.000 195.935 18.775    14.639          13.987
40 -7  WO 40V1  open 227.600 343.567        1.510     0.833          8.838 323.636       1.422    0.711        0.167             0.310               0.275  76.799   0.000 144.595 13.776     8.838           8.566
30 -5  38  Mar  35.7 161.100 194.549        1.208     0.611         32.498 146.016       0.906    0.602        0.063             0.083               0.060  36.694 116.982 150.588 37.785    32.498          35.211
30 -5  60  Mar  57.5 161.100 200.172        1.243     0.747         25.887 162.307       1.007    0.761        0.066             0.104               0.060  28.529 251.854 159.727 31.350    25.887          29.086
30 -5 200  Mar 202.3 161.100 202.450        1.257     0.472         17.003 177.962       1.105    0.539        0.065             0.125               0.069   0.000 600.000 185.156 21.044    17.003          17.908
30 -5  WO  Mar  open 161.100 189.203        1.174     0.737         15.752 165.001       1.024    0.831        0.077             0.147               0.120  55.698   0.000 120.678 18.520    15.752          15.390
30 -7  38  Jan  37.9 133.500 147.299        1.103     0.454         35.265  90.762       0.680    0.459        0.063             0.068               0.063  26.564  52.931 160.406 37.949    35.265          37.851
30 -7  38  Mar  38.2 133.500 185.894        1.392     0.649         31.683 134.532       1.008    0.647        0.056             0.110               0.050  21.456 141.877 150.032 41.381    31.683          36.659
30 -7  60  Mar  60.3 133.500 183.462        1.374     0.802         26.677 144.301       1.081    0.820        0.059             0.133               0.051  13.883 285.691 161.694 34.915    26.677          31.223
30 -7  76  Jan  73.3 133.500 133.910        1.003     0.474         32.607  97.090       0.727    0.472        0.066             0.066               0.066  38.966  66.197 150.605 32.685    32.607          32.676
30 -7 120  Jan 115.0 133.500 141.083        1.057     0.323         27.516 112.358       0.842    0.322        0.063             0.068               0.062  46.425 167.600 148.464 28.787    27.516          28.660
30 -7 200  Mar 205.5 133.500 172.878        1.295     0.449         19.609 148.542       1.113    0.500        0.062             0.133               0.060   0.000 600.000 175.469 24.629    19.609          20.823
30 -7  WO  Jan  open 133.500 161.550        1.210     0.662         18.596 144.944       1.086    0.678        0.075             0.159               0.118  56.415   0.000 122.233 22.254    18.596          18.110
30 -7  WO  Mar  open 133.500 163.333        1.223     0.765         18.089 139.591       1.046    0.847        0.070             0.169               0.126  50.861   0.000 110.166 21.964    18.089          17.528

=== summary by diameter (mean +- sd over devices; N) ===
D = 40 um, N = 7
   rms0         mean    1.141  sd   0.591  min    0.438  max    2.142   n_finite 7
   tau_x_ps     mean    6.480  sd   1.479  min    4.198  max    8.739   n_finite 7
   f_x          mean   25.773  sd   6.406  min   18.212  max   37.910   n_finite 7
   rms_pole     mean    0.381  sd   0.125  min    0.270  max    0.633   n_finite 7
   k            mean    2.112  sd   0.308  min    1.626  max    2.548   n_finite 7
   rms_k        mean    0.367  sd   0.144  min    0.225  max    0.664   n_finite 7
   f_g          mean   39.932  sd   8.112  min   30.984  max   55.244   n_finite 7
   rms_g        mean    0.365  sd   0.149  min    0.217  max    0.672   n_finite 7
   f_e          mean  120.019  sd  71.192  min   55.539  max  269.156   n_finite 7
   rms_e        mean    0.424  sd   0.119  min    0.241  max    0.551   n_finite 7
   C_inf_ratio  mean    1.381  sd   0.181  min    1.113  max    1.666   n_finite 7
   C_ph_ratio   mean    1.298  sd   0.156  min    1.071  max    1.537   n_finite 7
   rms_Cinf     mean    0.456  sd   0.194  min    0.277  max    0.833   n_finite 7
   tau_xo_ps    mean    6.090  sd   1.811  min    4.178  max    8.394   n_finite 7
   c0_pole      mean   -0.105  sd   0.221  min   -0.499  max    0.149   n_finite 7
   rms_poleo    mean    0.358  sd   0.110  min    0.215  max    0.555   n_finite 7
   ko           mean    2.003  sd   0.377  min    1.562  max    2.446   n_finite 7
   rms_ko       mean    0.337  sd   0.118  min    0.213  max    0.562   n_finite 7
D = 30 um, N = 12
   rms0         mean    0.760  sd   0.136  min    0.549  max    0.985   n_finite 12
   tau_x_ps     mean    0.969  sd   1.092  min    0.000  max    2.597   n_finite 12
   f_x          mean 168724428956.869  sd 574621642770.415  min   61.282  max 1993335831045.051   n_finite 12
   rms_pole     mean    0.739  sd   0.153  min    0.521  max    0.985   n_finite 12
   k            mean    0.921  sd   0.352  min    0.161  max    1.277   n_finite 12
   rms_k        mean    0.630  sd   0.171  min    0.323  max    0.862   n_finite 12
   f_g          mean  206.315  sd 148.988  min   89.838  max  426.843   n_finite 7
   rms_g        mean    0.740  sd   0.152  min    0.525  max    0.985   n_finite 12
   f_e          mean  696.496  sd 427.318  min  323.232  max 1459.658   n_finite 8
   rms_e        mean    0.715  sd   0.165  min    0.460  max    0.985   n_finite 12
   C_inf_ratio  mean    1.212  sd   0.117  min    1.003  max    1.392   n_finite 12
   C_ph_ratio   mean    0.969  sd   0.147  min    0.680  max    1.113   n_finite 12
   rms_Cinf     mean    0.595  sd   0.156  min    0.323  max    0.802   n_finite 12
   tau_xo_ps    mean    0.000  sd   0.000  min    0.000  max    0.000   n_finite 12
   c0_pole      mean   -0.161  sd   0.486  min   -0.596  max    0.747   n_finite 12
   rms_poleo    mean    0.582  sd   0.117  min    0.373  max    0.733   n_finite 12
   ko           mean    0.494  sd   0.242  min    0.000  max    0.833   n_finite 12
   rms_ko       mean    0.461  sd   0.076  min    0.320  max    0.582   n_finite 12

40 um, -7 V only (the five devices of the extraction):
   tau_x_ps     mean    7.025  sd   1.248  min    5.742  max    8.739
   f_x          mean   23.228  sd   4.067  min   18.212  max   27.717
   k            mean    2.224  sd   0.256  min    1.915  max    2.548
   f_g          mean   36.834  sd   5.300  min   30.984  max   44.013
   rms0         mean    1.361  sd   0.548  min    0.654  max    2.142
   rms_pole     mean    0.392  sd   0.150  min    0.270  max    0.633
   rms_k        mean    0.370  sd   0.175  min    0.225  max    0.664
   rms_g        mean    0.367  sd   0.182  min    0.217  max    0.672
   C_inf_ratio  mean    1.455  sd   0.149  min    1.280  max    1.666

=== which one-parameter model wins per device (lowest rms among pole / k / gauss / lin) ===
  40 um  -5 V  80 40V2  base 0.743 | pole 0.367  k 0.380  gauss 0.383  lin 0.337  -> lin
  40 um  -5 V  WO 40V2  base 0.438 | pole 0.340  k 0.341  gauss 0.341  lin 0.342  -> pole
  40 um  -7 V  38 40V1  base 1.354 | pole 0.270  k 0.225  gauss 0.217  lin 0.445  -> gauss
  40 um  -7 V  80 40V2  base 1.118 | pole 0.633  k 0.664  gauss 0.672  lin 0.504  -> lin
  40 um  -7 V 100 40V1  base 1.536 | pole 0.352  k 0.291  gauss 0.278  lin 0.546  -> gauss
  40 um  -7 V 140 40V1  base 0.654 | pole 0.272  k 0.274  gauss 0.274  lin 0.241  -> lin
  40 um  -7 V  WO 40V1  base 2.142 | pole 0.434  k 0.395  gauss 0.393  lin 0.551  -> gauss
  30 um  -5 V  38  Mar  base 0.684 | pole 0.684  k 0.608  gauss 0.684  lin 0.684  -> k
  30 um  -5 V  60  Mar  base 0.762 | pole 0.761  k 0.761  gauss 0.762  lin 0.746  -> lin
  30 um  -5 V 200  Mar  base 0.667 | pole 0.575  k 0.577  gauss 0.579  lin 0.510  -> lin
  30 um  -5 V  WO  Mar  base 0.839 | pole 0.839  k 0.839  gauss 0.839  lin 0.826  -> lin
  30 um  -7 V  38  Jan  base 0.940 | pole 0.940  k 0.445  gauss 0.940  lin 0.940  -> k
  30 um  -7 V  38  Mar  base 0.647 | pole 0.646  k 0.646  gauss 0.646  lin 0.635  -> lin
  30 um  -7 V  60  Mar  base 0.847 | pole 0.820  k 0.820  gauss 0.821  lin 0.768  -> lin
  30 um  -7 V  76  Jan  base 0.985 | pole 0.985  k 0.473  gauss 0.985  lin 0.985  -> k
  30 um  -7 V 120  Jan  base 0.549 | pole 0.549  k 0.323  gauss 0.549  lin 0.549  -> k
  30 um  -7 V 200  Mar  base 0.612 | pole 0.521  k 0.523  gauss 0.525  lin 0.460  -> lin
  30 um  -7 V  WO  Jan  base 0.719 | pole 0.685  k 0.686  gauss 0.686  lin 0.642  -> lin
  30 um  -7 V  WO  Mar  base 0.867 | pole 0.862  k 0.862  gauss 0.862  lin 0.830  -> lin
