=== pipeline cubic f_3dB applied to: model only | model + 30um-Mar signature | measured ;  implied f_T = (1/f3^2 - 1/fRC^2)^-1/2 ===
 D  V lab camp   f_RC  | f3_model  fT_model | f3_model+sig  fT_model+sig | f3_meas  fT_meas | f3_meas-sig  fT_meas-sig
 40  -5  80 40V2   18.70 |     nan      nan  |       nan          nan   |   15.97    30.66  |      nan         nan
 40  -5  WO 40V2   11.36 |   10.92    39.59  |      9.58        17.82   |   10.03    21.35  |    11.34      239.15
 40  -7  38 40V1   30.72 |     nan      nan  |       nan          nan   |   16.90    20.23  |    17.43       21.16
 40  -7  80 40V2   21.82 |   20.12    52.11  |     20.71        66.02   |   16.12    23.91  |    17.72       30.38
 40  -7 100 40V1   20.13 |   18.73    51.09  |     18.41        45.53   |   14.76    21.72  |    15.66       24.93
 40  -7 140 40V1   18.77 |     nan      nan  |       nan          nan   |   14.47    22.72  |    15.04       25.14
 40  -7  WO 40V1   13.78 |   13.10    42.41  |     11.41        20.34   |   10.17    15.07  |    11.59       21.43
 30  -5  38  Mar   37.79 |   30.83    53.35  |       nan          nan   |   33.21    69.62  |      nan         nan
 30  -5  60  Mar   31.35 |   26.33    48.52  |     26.37        48.75   |   27.22    54.87  |    27.18       54.51
 30  -5 200  Mar   21.04 |   18.86    42.55  |     16.68        27.36   |   16.43    26.31  |    18.46       38.50
 30  -5  WO  Mar   18.52 |   16.99    42.75  |     14.54        23.47   |   14.58    23.64  |    17.22       46.78
 30  -7  38  Jan   37.95 |   29.45    46.70  |       nan          nan   |   34.00    76.49  |      nan         nan
 30  -7  38  Mar   41.38 |   32.00    50.49  |     33.87        58.95   |   32.66    53.19  |    30.97       46.69
 30  -7  60  Mar   34.91 |   28.23    47.96  |     28.30        48.30   |   28.16    47.65  |    28.09       47.30
 30  -7  76  Jan   32.69 |   27.05    48.20  |     28.03        54.47   |   31.36   111.20  |    30.34       81.53
 30  -7 120  Jan   28.79 |   24.49    46.56  |     23.92        43.01   |   27.05    79.09  |    27.51       93.54
 30  -7 200  Mar   24.63 |   21.47    43.83  |     20.79        38.79   |   19.78    33.18  |    20.73       38.40
 30  -7  WO  Jan   22.25 |   19.83    43.70  |     20.74        57.12   |   19.39    39.54  |    19.42       39.80
 30  -7  WO  Mar   21.96 |   19.61    43.55  |     17.95        31.17   |   17.46    28.80  |    19.38       41.20
  40 um: fT_model mean 46.3 | fT_model+sig mean 37.4 (min 17.8 max 66.0) | fT_meas mean 22.2 | fT_meas-sig mean 60.4 (min 21.2 max 239.2)
  30 um: fT_model mean 46.5 | fT_model+sig mean 43.1 (min 23.5 max 59.0) | fT_meas mean 53.6 | fT_meas-sig mean 52.8 (min 38.4 max 93.5)

=== 40 um-specific residual (meas - model - 30um Mar signature), dB, at fixed frequencies ===
 D  V lab camp    10    13    15    16    17    18    19    20    21    22   fmax
 40  -5  80 40V2 -0.04 -0.25 +0.07 -0.04    -     -     -     -     -     -   16.00
 40  -5  WO 40V2 +0.26 +0.41    -     -     -     -     -     -     -     -   14.67
 40  -7  38 40V1 +0.55 -0.02 -0.72 -1.46 -0.97 -1.40 -2.46 -3.23    -     -   20.33
 40  -7  80 40V2 -0.12 -0.60 -0.62 -0.58 -1.06 -0.60 -0.78 -0.56    -     -   20.83
 40  -7 100 40V1 +0.42 -0.15 -0.95 -1.34 -1.15 -1.50 -2.88 -3.16    -     -   20.67
 40  -7 140 40V1 +0.55 +0.04 -0.64    -     -     -     -     -     -     -   15.50
 40  -7  WO 40V1 -0.25 -0.41 -1.03 -1.32 -1.47 -2.04 -3.10 -3.99 -4.12 -4.61  22.50
